ARM Linker, 4.1 [Build 894] [Evaluation]

==============================================================================

Small function inlining results

Inlined function __aeabi_idiv0 from aeabi_idiv0.o at offset 0x154 in aeabi_sdiv.o(.text).
Inlined Instruction: BX       lr
Inlined function __aeabi_idiv0 from aeabi_idiv0.o at offset 0x154 in aeabi_sdiv_div0.o(.text).
Inlined Instruction: BX       lr
Inlined function _platform_pre_stackheap_init from boardinit1.o at offset 0x0 in rtentry2.o(.ARM.Collect$$rtentry$$00000001).
Inlined Instruction: BX       lr
Inlined function _fp_init from fpinit.o at offset 0x2 in libinit.o(.ARM.Collect$$libinit$$00000000).
Inlined Instruction: BX       lr
Inlined function _platform_pre_lib_shutdown from boardshut.o at offset 0x0 in rtexit2.o(.ARM.Collect$$rtexit$$00000001).
Inlined Instruction: BX       lr
Inlined function __ARM_get_argv from no_argv.o at offset 0x2 in argv_veneer.o(.text).
Inlined Instruction: BX       lr
Inlined total of 6 calls.

==============================================================================

Memory Map of the image

  Image Entry point : 0x00000169

  Load Region LR_1 (Base: 0x00000000, Size: 0x00000c98, Max: 0xffffffff, ABSOLUTE)

    Execution Region ER_RO (Base: 0x00000000, Size: 0x00000c4c, Max: 0xffffffff, ABSOLUTE)

    Base Addr    Size         Type   Attr      Idx    E Section Name        Object

    0x00000000   0x000000c0   Data   RO           55    RESET               startup_nuc1xx.o
    0x000000c0   0x00000008   Code   RO         1292  * !!!main             c_p.l(__main.o)
    0x000000c8   0x0000003c   Code   RO         1454    !!!scatter          c_p.l(__scatter.o)
    0x00000104   0x0000001a   Code   RO         1456    !!handler_copy      c_p.l(__scatter_copy.o)
    0x0000011e   0x00000002   PAD
    0x00000120   0x0000001c   Code   RO         1458    !!handler_zi        c_p.l(__scatter_zi.o)
    0x0000013c   0x00000006   Code   RO         1330    .ARM.Collect$$libinit$$00000000  c_p.l(libinit.o)
    0x00000142   0x00000000   Code   RO         1345    .ARM.Collect$$libinit$$00000006  c_p.l(libinit2.o)
    0x00000142   0x00000000   Code   RO         1347    .ARM.Collect$$libinit$$00000008  c_p.l(libinit2.o)
    0x00000142   0x00000000   Code   RO         1349    .ARM.Collect$$libinit$$0000000A  c_p.l(libinit2.o)
    0x00000142   0x00000000   Code   RO         1352    .ARM.Collect$$libinit$$0000000D  c_p.l(libinit2.o)
    0x00000142   0x00000000   Code   RO         1354    .ARM.Collect$$libinit$$0000000F  c_p.l(libinit2.o)
    0x00000142   0x00000000   Code   RO         1356    .ARM.Collect$$libinit$$00000011  c_p.l(libinit2.o)
    0x00000142   0x00000000   Code   RO         1358    .ARM.Collect$$libinit$$00000013  c_p.l(libinit2.o)
    0x00000142   0x00000000   Code   RO         1360    .ARM.Collect$$libinit$$00000015  c_p.l(libinit2.o)
    0x00000142   0x00000000   Code   RO         1362    .ARM.Collect$$libinit$$00000017  c_p.l(libinit2.o)
    0x00000142   0x00000000   Code   RO         1364    .ARM.Collect$$libinit$$00000019  c_p.l(libinit2.o)
    0x00000142   0x00000000   Code   RO         1366    .ARM.Collect$$libinit$$0000001B  c_p.l(libinit2.o)
    0x00000142   0x00000000   Code   RO         1368    .ARM.Collect$$libinit$$0000001D  c_p.l(libinit2.o)
    0x00000142   0x00000000   Code   RO         1370    .ARM.Collect$$libinit$$0000001F  c_p.l(libinit2.o)
    0x00000142   0x00000000   Code   RO         1372    .ARM.Collect$$libinit$$00000021  c_p.l(libinit2.o)
    0x00000142   0x00000000   Code   RO         1376    .ARM.Collect$$libinit$$00000028  c_p.l(libinit2.o)
    0x00000142   0x00000000   Code   RO         1378    .ARM.Collect$$libinit$$0000002A  c_p.l(libinit2.o)
    0x00000142   0x00000000   Code   RO         1380    .ARM.Collect$$libinit$$0000002C  c_p.l(libinit2.o)
    0x00000142   0x00000000   Code   RO         1382    .ARM.Collect$$libinit$$0000002E  c_p.l(libinit2.o)
    0x00000142   0x00000002   Code   RO         1383    .ARM.Collect$$libinit$$0000002F  c_p.l(libinit2.o)
    0x00000144   0x00000002   Code   RO         1412    .ARM.Collect$$libshutdown$$00000000  c_p.l(libshutdown.o)
    0x00000146   0x00000000   Code   RO         1439    .ARM.Collect$$libshutdown$$00000003  c_p.l(libshutdown2.o)
    0x00000146   0x00000000   Code   RO         1442    .ARM.Collect$$libshutdown$$00000006  c_p.l(libshutdown2.o)
    0x00000146   0x00000000   Code   RO         1445    .ARM.Collect$$libshutdown$$00000009  c_p.l(libshutdown2.o)
    0x00000146   0x00000000   Code   RO         1447    .ARM.Collect$$libshutdown$$0000000B  c_p.l(libshutdown2.o)
    0x00000146   0x00000000   Code   RO         1450    .ARM.Collect$$libshutdown$$0000000E  c_p.l(libshutdown2.o)
    0x00000146   0x00000002   Code   RO         1451    .ARM.Collect$$libshutdown$$0000000F  c_p.l(libshutdown2.o)
    0x00000148   0x00000000   Code   RO         1294    .ARM.Collect$$rtentry$$00000000  c_p.l(rtentry.o)
    0x00000148   0x00000000   Code   RO         1300    .ARM.Collect$$rtentry$$00000002  c_p.l(rtentry2.o)
    0x00000148   0x00000006   Code   RO         1312    .ARM.Collect$$rtentry$$00000004  c_p.l(rtentry4.o)
    0x0000014e   0x00000000   Code   RO         1302    .ARM.Collect$$rtentry$$00000009  c_p.l(rtentry2.o)
    0x0000014e   0x00000004   Code   RO         1303    .ARM.Collect$$rtentry$$0000000A  c_p.l(rtentry2.o)
    0x00000152   0x00000000   Code   RO         1305    .ARM.Collect$$rtentry$$0000000C  c_p.l(rtentry2.o)
    0x00000152   0x00000008   Code   RO         1306    .ARM.Collect$$rtentry$$0000000D  c_p.l(rtentry2.o)
    0x0000015a   0x00000002   Code   RO         1335    .ARM.Collect$$rtexit$$00000000  c_p.l(rtexit.o)
    0x0000015c   0x00000000   Code   RO         1389    .ARM.Collect$$rtexit$$00000002  c_p.l(rtexit2.o)
    0x0000015c   0x00000004   Code   RO         1390    .ARM.Collect$$rtexit$$00000003  c_p.l(rtexit2.o)
    0x00000160   0x00000006   Code   RO         1391    .ARM.Collect$$rtexit$$00000004  c_p.l(rtexit2.o)
    0x00000166   0x00000002   PAD
    0x00000168   0x00000064   Code   RO           56  * .text               startup_nuc1xx.o
    0x000001cc   0x0000015a   Code   RO         1286    .text               c_p.l(aeabi_sdiv.o)
    0x00000326   0x00000006   Code   RO         1290    .text               c_p.l(heapauxi.o)
    0x0000032c   0x0000003e   Code   RO         1316    .text               c_p.l(sys_stackheap_outer.o)
    0x0000036a   0x0000000c   Code   RO         1319    .text               c_p.l(exit.o)
    0x00000376   0x00000002   PAD
    0x00000378   0x00000008   Code   RO         1331    .text               c_p.l(libspace.o)
    0x00000380   0x0000000c   Code   RO         1386    .text               c_p.l(sys_exit.o)
    0x0000038c   0x00000002   Code   RO         1401    .text               c_p.l(use_no_semi.o)
    0x0000038e   0x00000000   Code   RO         1403    .text               c_p.l(indicate_semi.o)
    0x0000038e   0x00000002   PAD
    0x00000390   0x00000028   Code   RO          533    i.BOD_IRQHandler    drvsys.o
    0x000003b8   0x0000002c   Code   RO          984    i.DrvGPIO_ClrBit    drvgpio.o
    0x000003e4   0x00000028   Code   RO          997    i.DrvGPIO_GetBit    drvgpio.o
    0x0000040c   0x00000078   Code   RO         1007    i.DrvGPIO_Open      drvgpio.o
    0x00000484   0x0000002c   Code   RO         1008    i.DrvGPIO_SetBit    drvgpio.o
    0x000004b0   0x0000002c   Code   RO          536    i.DrvSYS_Delay      drvsys.o
    0x000004dc   0x000000c0   Code   RO          554    i.DrvSYS_GetPLLContent  drvsys.o
    0x0000059c   0x00000010   Code   RO          557    i.DrvSYS_IsProtectedRegLocked  drvsys.o
    0x000005ac   0x000000ac   Code   RO          559    i.DrvSYS_Open       drvsys.o
    0x00000658   0x00000038   Code   RO          565    i.DrvSYS_SelectHCLKSource  drvsys.o
    0x00000690   0x0000004c   Code   RO          574    i.DrvSYS_SetPLLContent  drvsys.o
    0x000006dc   0x00000024   Code   RO         1014    i.EINT0_IRQHandler  drvgpio.o
    0x00000700   0x00000024   Code   RO         1015    i.EINT1_IRQHandler  drvgpio.o
    0x00000724   0x0000003c   Code   RO         1016    i.GPAB_IRQHandler   drvgpio.o
    0x00000760   0x00000040   Code   RO         1017    i.GPCDE_IRQHandler  drvgpio.o
    0x000007a0   0x0000001a   Code   RO          175    i.OpenKeyPad        exer3.o
    0x000007ba   0x00000002   PAD
    0x000007bc   0x00000028   Code   RO          581    i.PWRWU_IRQHandler  drvsys.o
    0x000007e4   0x00000064   Code   RO          264    i.SPI0_IRQHandler   drvspi.o
    0x00000848   0x00000064   Code   RO          265    i.SPI1_IRQHandler   drvspi.o
    0x000008ac   0x00000064   Code   RO          266    i.SPI2_IRQHandler   drvspi.o
    0x00000910   0x00000064   Code   RO          267    i.SPI3_IRQHandler   drvspi.o
    0x00000974   0x00000084   Code   RO          176    i.Scankey           exer3.o
    0x000009f8   0x000000a0   Code   RO           17    i.SystemCoreClockUpdate  system_nuc1xx.o
    0x00000a98   0x00000002   Code   RO           18    i.SystemInit        system_nuc1xx.o
    0x00000a9a   0x00000002   PAD
    0x00000a9c   0x0000003c   Code   RO          861    i.UART02_IRQHandler  drvuart.o
    0x00000ad8   0x00000020   Code   RO          862    i.UART1_IRQHandler  drvuart.o
    0x00000af8   0x00000024   Code   RO          141    i.close_seven_segment  seven_segment.o
    0x00000b1c   0x00000010   Code   RO          177    i.delay             exer3.o
    0x00000b2c   0x00000050   Code   RO          178    i.init_LED          exer3.o
    0x00000b7c   0x0000006c   Code   RO          179    i.main              exer3.o
    0x00000be8   0x00000040   Code   RO          142    i.show_seven_segment  seven_segment.o
    0x00000c28   0x00000004   Data   RO          180    .constdata          exer3.o
    0x00000c2c   0x00000020   Data   RO         1452    Region$$Table       anon$$obj.o


    Execution Region ER_RW (Base: 0x20000000, Size: 0x0000004c, Max: 0xffffffff, ABSOLUTE)

    Base Addr    Size         Type   Attr      Idx    E Section Name        Object

    0x20000000   0x0000001c   Data   RW           19    .data               system_nuc1xx.o
    0x2000001c   0x0000000a   Data   RW          143    .data               seven_segment.o
    0x20000026   0x00000002   PAD
    0x20000028   0x00000008   Data   RW          583    .data               drvsys.o
    0x20000030   0x0000000c   Data   RW          863    .data               drvuart.o
    0x2000003c   0x00000010   Data   RW         1021    .data               drvgpio.o


    Execution Region ER_ZI (Base: 0x2000004c, Size: 0x000004b4, Max: 0xffffffff, ABSOLUTE)

    Base Addr    Size         Type   Attr      Idx    E Section Name        Object

    0x2000004c   0x00000050   Zero   RW          268    .bss                drvspi.o
    0x2000009c   0x00000060   Zero   RW         1332    .bss                c_p.l(libspace.o)
    0x200000fc   0x00000004   PAD
    0x20000100   0x00000000   Zero   RW           54    HEAP                startup_nuc1xx.o
    0x20000100   0x00000400   Zero   RW           53    STACK               startup_nuc1xx.o


==============================================================================

Image component sizes


      Code (inc. data)   RO Data    RW Data    ZI Data      Debug   Object Name

         0          0          0          0          0       4188   core_cm0.o
       444         70          0         16          0      10293   drvgpio.o
       400         32          0          0         80       4588   drvspi.o
       636         86          0          8          0       8103   drvsys.o
        92         24          0         12          0       4919   drvuart.o
       362         18          4          0          0       2421   exer3.o
       100          4          0         10          0     119257   seven_segment.o
       100         46        192          0       1024        720   startup_nuc1xx.o
       162         30          0         28          0     119150   system_nuc1xx.o

    ----------------------------------------------------------------------
      2300        310        228         76       1104     273639   Object Totals
         0          0         32          0          0          0   (incl. Generated)
         4          0          0          2          0          0   (incl. Padding)

    ----------------------------------------------------------------------

      Code (inc. data)   RO Data    RW Data    ZI Data      Debug   Library Member Name

         8          0          0          0          0         68   __main.o
        60          8          0          0          0          0   __scatter.o
        26          0          0          0          0          0   __scatter_copy.o
        28          0          0          0          0          0   __scatter_zi.o
       346          0          0          0          0         92   aeabi_sdiv.o
        12          0          0          0          0         64   exit.o
         6          0          0          0          0        136   heapauxi.o
         0          0          0          0          0          0   indicate_semi.o
         6          0          0          0          0          0   libinit.o
         2          0          0          0          0          0   libinit2.o
         2          0          0          0          0          0   libshutdown.o
         2          0          0          0          0          0   libshutdown2.o
         8          4          0          0         96         68   libspace.o
         0          0          0          0          0          0   rtentry.o
        12          0          0          0          0          0   rtentry2.o
         6          0          0          0          0          0   rtentry4.o
         2          0          0          0          0          0   rtexit.o
        10          0          0          0          0          0   rtexit2.o
        12          4          0          0          0         60   sys_exit.o
        62          0          0          0          0         80   sys_stackheap_outer.o
         2          0          0          0          0         68   use_no_semi.o

    ----------------------------------------------------------------------
       620         16          0          0        100        636   Library Totals
         8          0          0          0          4          0   (incl. Padding)

    ----------------------------------------------------------------------

      Code (inc. data)   RO Data    RW Data    ZI Data      Debug   Library Name

       612         16          0          0         96        636   c_p.l

    ----------------------------------------------------------------------
       620         16          0          0        100        636   Library Totals

    ----------------------------------------------------------------------

==============================================================================


      Code (inc. data)   RO Data    RW Data    ZI Data      Debug   

      2920        326        228         76       1204     272739   Grand Totals
      2920        326        228         76       1204     272739   ELF Image Totals
      2920        326        228         76          0          0   ROM Totals

==============================================================================

    Total RO  Size (Code + RO Data)                 3148 (   3.07kB)
    Total RW  Size (RW Data + ZI Data)              1280 (   1.25kB)
    Total ROM Size (Code + RO Data + RW Data)       3224 (   3.15kB)

==============================================================================

