<html>
<body>
<pre>
<h1>µVision Build Log</h1>
<h2>Project:</h2>
C:\Users\EE 165\Desktop\Nuvoton Codes\NuvotonPlatform_Keil\Sample\NUC1xx-LB_002\exer4\exer4.uvproj
Project File Date:  10/08/2018

<h2>Output:</h2>
Rebuild target 'sampleTwo'
creating preprocessor file for core_cm0.c...
compiling core_cm0.c...
creating preprocessor file for system_NUC1xx.c...
compiling system_NUC1xx.c...
assembling startup_NUC1xx.s...
creating preprocessor file for LCD_Driver.c...
compiling LCD_Driver.c...
creating preprocessor file for Ascii_Table.C...
compiling Ascii_Table.C...
creating preprocessor file for Seven_Segment.c...
compiling Seven_Segment.c...
creating preprocessor file for exer4.c...
compiling exer4.c...
exer4.c(51): error:  #167: argument of type "uint8_t" is incompatible with parameter of type "char *"
exer4.c(60): error:  #167: argument of type "uint8_t" is incompatible with parameter of type "char *"
exer4.c(69): error:  #167: argument of type "uint8_t" is incompatible with parameter of type "char *"
exer4.c(34): warning:  #177-D: variable "txt1" was declared but never referenced
exer4.c(34): warning:  #177-D: variable "txt3" was declared but never referenced
exer4.c(34): warning:  #177-D: variable "txt4" was declared but never referenced
creating preprocessor file for DrvSPI.c...
compiling DrvSPI.c...
creating preprocessor file for DrvSYS.c...
compiling DrvSYS.c...
creating preprocessor file for DrvUART.c...
compiling DrvUART.c...
creating preprocessor file for DrvGPIO.c...
compiling DrvGPIO.c...
creating preprocessor file for retarget.c...
compiling retarget.c...
Target not created
Rebuild target 'sampleTwo'
creating preprocessor file for core_cm0.c...
compiling core_cm0.c...
creating preprocessor file for system_NUC1xx.c...
compiling system_NUC1xx.c...
assembling startup_NUC1xx.s...
creating preprocessor file for LCD_Driver.c...
compiling LCD_Driver.c...
creating preprocessor file for Ascii_Table.C...
compiling Ascii_Table.C...
creating preprocessor file for Seven_Segment.c...
compiling Seven_Segment.c...
creating preprocessor file for exer4.c...
compiling exer4.c...
exer4.c(52): error:  #167: argument of type "uint8_t" is incompatible with parameter of type "const char *restrict"
exer4.c(62): error:  #167: argument of type "uint8_t" is incompatible with parameter of type "const char *restrict"
exer4.c(72): error:  #167: argument of type "uint8_t" is incompatible with parameter of type "const char *restrict"
exer4.c(34): warning:  #177-D: variable "txt1" was declared but never referenced
exer4.c(34): warning:  #177-D: variable "txt4" was declared but never referenced
creating preprocessor file for DrvSPI.c...
compiling DrvSPI.c...
creating preprocessor file for DrvSYS.c...
compiling DrvSYS.c...
creating preprocessor file for DrvUART.c...
compiling DrvUART.c...
creating preprocessor file for DrvGPIO.c...
compiling DrvGPIO.c...
creating preprocessor file for retarget.c...
compiling retarget.c...
Target not created
Rebuild target 'sampleTwo'
creating preprocessor file for core_cm0.c...
compiling core_cm0.c...
creating preprocessor file for system_NUC1xx.c...
compiling system_NUC1xx.c...
assembling startup_NUC1xx.s...
creating preprocessor file for LCD_Driver.c...
compiling LCD_Driver.c...
creating preprocessor file for Ascii_Table.C...
compiling Ascii_Table.C...
creating preprocessor file for Seven_Segment.c...
compiling Seven_Segment.c...
creating preprocessor file for exer4.c...
compiling exer4.c...
exer4.c(34): warning:  #177-D: variable "txt1" was declared but never referenced
exer4.c(34): warning:  #177-D: variable "txt4" was declared but never referenced
creating preprocessor file for DrvSPI.c...
compiling DrvSPI.c...
creating preprocessor file for DrvSYS.c...
compiling DrvSYS.c...
creating preprocessor file for DrvUART.c...
compiling DrvUART.c...
creating preprocessor file for DrvGPIO.c...
compiling DrvGPIO.c...
creating preprocessor file for retarget.c...
compiling retarget.c...
linking...
Program Size: Code=4488 RO-data=224 RW-data=1600 ZI-data=1200  
User command #1: fromelf --bin ".\obj\Smpl_Start_Kit.axf" --output ".\obj\Smpl_Start_Kit.bin"
User command #2: fromelf --text -c ".\obj\Smpl_Start_Kit.axf" --output ".\obj\Smpl_Start_Kit.txt"
".\obj\Smpl_Start_Kit.axf" - 0 Error(s), 2 Warning(s).
Load "C:\\Users\\EE 165\\Desktop\\Nuvoton Codes\\NuvotonPlatform_Keil\\Sample\\NUC1xx-LB_002\\exer4\\obj\\Smpl_Start_Kit.AXF" 
Rebuild target 'sampleTwo'
creating preprocessor file for core_cm0.c...
compiling core_cm0.c...
creating preprocessor file for system_NUC1xx.c...
compiling system_NUC1xx.c...
assembling startup_NUC1xx.s...
creating preprocessor file for LCD_Driver.c...
compiling LCD_Driver.c...
creating preprocessor file for Ascii_Table.C...
compiling Ascii_Table.C...
creating preprocessor file for Seven_Segment.c...
compiling Seven_Segment.c...
creating preprocessor file for exer4.c...
compiling exer4.c...
exer4.c(34): warning:  #177-D: variable "txt1" was declared but never referenced
exer4.c(34): warning:  #177-D: variable "txt4" was declared but never referenced
creating preprocessor file for DrvSPI.c...
compiling DrvSPI.c...
creating preprocessor file for DrvSYS.c...
compiling DrvSYS.c...
creating preprocessor file for DrvUART.c...
compiling DrvUART.c...
creating preprocessor file for DrvGPIO.c...
compiling DrvGPIO.c...
creating preprocessor file for retarget.c...
compiling retarget.c...
linking...
Program Size: Code=4536 RO-data=224 RW-data=1600 ZI-data=1200  
User command #1: fromelf --bin ".\obj\Smpl_Start_Kit.axf" --output ".\obj\Smpl_Start_Kit.bin"
User command #2: fromelf --text -c ".\obj\Smpl_Start_Kit.axf" --output ".\obj\Smpl_Start_Kit.txt"
".\obj\Smpl_Start_Kit.axf" - 0 Error(s), 2 Warning(s).
Load "C:\\Users\\EE 165\\Desktop\\Nuvoton Codes\\NuvotonPlatform_Keil\\Sample\\NUC1xx-LB_002\\exer4\\obj\\Smpl_Start_Kit.AXF" 
Rebuild target 'sampleTwo'
creating preprocessor file for core_cm0.c...
compiling core_cm0.c...
creating preprocessor file for system_NUC1xx.c...
compiling system_NUC1xx.c...
assembling startup_NUC1xx.s...
creating preprocessor file for LCD_Driver.c...
compiling LCD_Driver.c...
creating preprocessor file for Ascii_Table.C...
compiling Ascii_Table.C...
creating preprocessor file for Seven_Segment.c...
compiling Seven_Segment.c...
creating preprocessor file for exer4.c...
compiling exer4.c...
exer4.c(34): warning:  #177-D: variable "txt1" was declared but never referenced
exer4.c(34): warning:  #177-D: variable "txt4" was declared but never referenced
creating preprocessor file for DrvSPI.c...
compiling DrvSPI.c...
creating preprocessor file for DrvSYS.c...
compiling DrvSYS.c...
creating preprocessor file for DrvUART.c...
compiling DrvUART.c...
creating preprocessor file for DrvGPIO.c...
compiling DrvGPIO.c...
creating preprocessor file for retarget.c...
compiling retarget.c...
linking...
Program Size: Code=4580 RO-data=224 RW-data=1600 ZI-data=1200  
User command #1: fromelf --bin ".\obj\Smpl_Start_Kit.axf" --output ".\obj\Smpl_Start_Kit.bin"
User command #2: fromelf --text -c ".\obj\Smpl_Start_Kit.axf" --output ".\obj\Smpl_Start_Kit.txt"
".\obj\Smpl_Start_Kit.axf" - 0 Error(s), 2 Warning(s).
Load "C:\\Users\\EE 165\\Desktop\\Nuvoton Codes\\NuvotonPlatform_Keil\\Sample\\NUC1xx-LB_002\\exer4\\obj\\Smpl_Start_Kit.AXF" 
Rebuild target 'sampleTwo'
creating preprocessor file for core_cm0.c...
compiling core_cm0.c...
creating preprocessor file for system_NUC1xx.c...
compiling system_NUC1xx.c...
assembling startup_NUC1xx.s...
creating preprocessor file for LCD_Driver.c...
compiling LCD_Driver.c...
creating preprocessor file for Ascii_Table.C...
compiling Ascii_Table.C...
creating preprocessor file for Seven_Segment.c...
compiling Seven_Segment.c...
creating preprocessor file for exer4.c...
compiling exer4.c...
exer4.c(33): warning:  #177-D: variable "txt1" was declared but never referenced
exer4.c(33): warning:  #177-D: variable "txt4" was declared but never referenced
creating preprocessor file for DrvSPI.c...
compiling DrvSPI.c...
creating preprocessor file for DrvSYS.c...
compiling DrvSYS.c...
creating preprocessor file for DrvUART.c...
compiling DrvUART.c...
creating preprocessor file for DrvGPIO.c...
compiling DrvGPIO.c...
creating preprocessor file for retarget.c...
compiling retarget.c...
linking...
Program Size: Code=4588 RO-data=224 RW-data=1600 ZI-data=1200  
User command #1: fromelf --bin ".\obj\Smpl_Start_Kit.axf" --output ".\obj\Smpl_Start_Kit.bin"
User command #2: fromelf --text -c ".\obj\Smpl_Start_Kit.axf" --output ".\obj\Smpl_Start_Kit.txt"
".\obj\Smpl_Start_Kit.axf" - 0 Error(s), 2 Warning(s).
Rebuild target 'sampleTwo'
creating preprocessor file for core_cm0.c...
compiling core_cm0.c...
creating preprocessor file for system_NUC1xx.c...
compiling system_NUC1xx.c...
assembling startup_NUC1xx.s...
creating preprocessor file for LCD_Driver.c...
compiling LCD_Driver.c...
creating preprocessor file for Ascii_Table.C...
compiling Ascii_Table.C...
creating preprocessor file for Seven_Segment.c...
compiling Seven_Segment.c...
creating preprocessor file for exer4.c...
compiling exer4.c...
creating preprocessor file for DrvSPI.c...
compiling DrvSPI.c...
creating preprocessor file for DrvSYS.c...
compiling DrvSYS.c...
creating preprocessor file for DrvUART.c...
compiling DrvUART.c...
creating preprocessor file for DrvGPIO.c...
compiling DrvGPIO.c...
creating preprocessor file for retarget.c...
compiling retarget.c...
linking...
Program Size: Code=4688 RO-data=224 RW-data=1600 ZI-data=1200  
User command #1: fromelf --bin ".\obj\Smpl_Start_Kit.axf" --output ".\obj\Smpl_Start_Kit.bin"
User command #2: fromelf --text -c ".\obj\Smpl_Start_Kit.axf" --output ".\obj\Smpl_Start_Kit.txt"
".\obj\Smpl_Start_Kit.axf" - 0 Error(s), 0 Warning(s).
Load "C:\\Users\\EE 165\\Desktop\\Nuvoton Codes\\NuvotonPlatform_Keil\\Sample\\NUC1xx-LB_002\\exer4\\obj\\Smpl_Start_Kit.AXF" 
Rebuild target 'sampleTwo'
creating preprocessor file for core_cm0.c...
compiling core_cm0.c...
creating preprocessor file for system_NUC1xx.c...
compiling system_NUC1xx.c...
assembling startup_NUC1xx.s...
creating preprocessor file for LCD_Driver.c...
compiling LCD_Driver.c...
creating preprocessor file for Ascii_Table.C...
compiling Ascii_Table.C...
creating preprocessor file for Seven_Segment.c...
compiling Seven_Segment.c...
creating preprocessor file for exer4.c...
compiling exer4.c...
creating preprocessor file for DrvSPI.c...
compiling DrvSPI.c...
creating preprocessor file for DrvSYS.c...
compiling DrvSYS.c...
creating preprocessor file for DrvUART.c...
compiling DrvUART.c...
creating preprocessor file for DrvGPIO.c...
compiling DrvGPIO.c...
creating preprocessor file for retarget.c...
compiling retarget.c...
linking...
Program Size: Code=4704 RO-data=224 RW-data=1600 ZI-data=1200  
User command #1: fromelf --bin ".\obj\Smpl_Start_Kit.axf" --output ".\obj\Smpl_Start_Kit.bin"
User command #2: fromelf --text -c ".\obj\Smpl_Start_Kit.axf" --output ".\obj\Smpl_Start_Kit.txt"
".\obj\Smpl_Start_Kit.axf" - 0 Error(s), 0 Warning(s).
Load "C:\\Users\\EE 165\\Desktop\\Nuvoton Codes\\NuvotonPlatform_Keil\\Sample\\NUC1xx-LB_002\\exer4\\obj\\Smpl_Start_Kit.AXF" 
Rebuild target 'sampleTwo'
creating preprocessor file for core_cm0.c...
compiling core_cm0.c...
creating preprocessor file for system_NUC1xx.c...
compiling system_NUC1xx.c...
assembling startup_NUC1xx.s...
creating preprocessor file for LCD_Driver.c...
compiling LCD_Driver.c...
creating preprocessor file for Ascii_Table.C...
compiling Ascii_Table.C...
creating preprocessor file for Seven_Segment.c...
compiling Seven_Segment.c...
creating preprocessor file for exer4.c...
compiling exer4.c...
creating preprocessor file for DrvSPI.c...
compiling DrvSPI.c...
creating preprocessor file for DrvSYS.c...
compiling DrvSYS.c...
creating preprocessor file for DrvUART.c...
compiling DrvUART.c...
creating preprocessor file for DrvGPIO.c...
compiling DrvGPIO.c...
creating preprocessor file for retarget.c...
compiling retarget.c...
linking...
Program Size: Code=4716 RO-data=224 RW-data=1600 ZI-data=1200  
User command #1: fromelf --bin ".\obj\Smpl_Start_Kit.axf" --output ".\obj\Smpl_Start_Kit.bin"
User command #2: fromelf --text -c ".\obj\Smpl_Start_Kit.axf" --output ".\obj\Smpl_Start_Kit.txt"
".\obj\Smpl_Start_Kit.axf" - 0 Error(s), 0 Warning(s).
Load "C:\\Users\\EE 165\\Desktop\\Nuvoton Codes\\NuvotonPlatform_Keil\\Sample\\NUC1xx-LB_002\\exer4\\obj\\Smpl_Start_Kit.AXF" 
Rebuild target 'sampleTwo'
creating preprocessor file for core_cm0.c...
compiling core_cm0.c...
creating preprocessor file for system_NUC1xx.c...
compiling system_NUC1xx.c...
assembling startup_NUC1xx.s...
creating preprocessor file for LCD_Driver.c...
compiling LCD_Driver.c...
creating preprocessor file for Ascii_Table.C...
compiling Ascii_Table.C...
creating preprocessor file for Seven_Segment.c...
compiling Seven_Segment.c...
creating preprocessor file for exer4.c...
compiling exer4.c...
creating preprocessor file for DrvSPI.c...
compiling DrvSPI.c...
creating preprocessor file for DrvSYS.c...
compiling DrvSYS.c...
creating preprocessor file for DrvUART.c...
compiling DrvUART.c...
creating preprocessor file for DrvGPIO.c...
compiling DrvGPIO.c...
creating preprocessor file for retarget.c...
compiling retarget.c...
linking...
Program Size: Code=4720 RO-data=224 RW-data=1600 ZI-data=1200  
User command #1: fromelf --bin ".\obj\Smpl_Start_Kit.axf" --output ".\obj\Smpl_Start_Kit.bin"
User command #2: fromelf --text -c ".\obj\Smpl_Start_Kit.axf" --output ".\obj\Smpl_Start_Kit.txt"
".\obj\Smpl_Start_Kit.axf" - 0 Error(s), 0 Warning(s).
Load "C:\\Users\\EE 165\\Desktop\\Nuvoton Codes\\NuvotonPlatform_Keil\\Sample\\NUC1xx-LB_002\\exer4\\obj\\Smpl_Start_Kit.AXF" 
Rebuild target 'sampleTwo'
creating preprocessor file for core_cm0.c...
compiling core_cm0.c...
creating preprocessor file for system_NUC1xx.c...
compiling system_NUC1xx.c...
assembling startup_NUC1xx.s...
creating preprocessor file for LCD_Driver.c...
compiling LCD_Driver.c...
creating preprocessor file for Ascii_Table.C...
compiling Ascii_Table.C...
creating preprocessor file for Seven_Segment.c...
compiling Seven_Segment.c...
creating preprocessor file for exer4.c...
compiling exer4.c...
creating preprocessor file for DrvSPI.c...
compiling DrvSPI.c...
creating preprocessor file for DrvSYS.c...
compiling DrvSYS.c...
creating preprocessor file for DrvUART.c...
compiling DrvUART.c...
creating preprocessor file for DrvGPIO.c...
compiling DrvGPIO.c...
creating preprocessor file for retarget.c...
compiling retarget.c...
linking...
Program Size: Code=4716 RO-data=224 RW-data=1600 ZI-data=1200  
User command #1: fromelf --bin ".\obj\Smpl_Start_Kit.axf" --output ".\obj\Smpl_Start_Kit.bin"
User command #2: fromelf --text -c ".\obj\Smpl_Start_Kit.axf" --output ".\obj\Smpl_Start_Kit.txt"
".\obj\Smpl_Start_Kit.axf" - 0 Error(s), 0 Warning(s).
Load "C:\\Users\\EE 165\\Desktop\\Nuvoton Codes\\NuvotonPlatform_Keil\\Sample\\NUC1xx-LB_002\\exer4\\obj\\Smpl_Start_Kit.AXF" 
Rebuild target 'sampleTwo'
creating preprocessor file for core_cm0.c...
compiling core_cm0.c...
creating preprocessor file for system_NUC1xx.c...
compiling system_NUC1xx.c...
assembling startup_NUC1xx.s...
creating preprocessor file for LCD_Driver.c...
compiling LCD_Driver.c...
creating preprocessor file for Ascii_Table.C...
compiling Ascii_Table.C...
creating preprocessor file for Seven_Segment.c...
compiling Seven_Segment.c...
creating preprocessor file for exer4.c...
compiling exer4.c...
creating preprocessor file for DrvSPI.c...
compiling DrvSPI.c...
creating preprocessor file for DrvSYS.c...
compiling DrvSYS.c...
creating preprocessor file for DrvUART.c...
compiling DrvUART.c...
creating preprocessor file for DrvGPIO.c...
compiling DrvGPIO.c...
creating preprocessor file for retarget.c...
compiling retarget.c...
linking...
Program Size: Code=4720 RO-data=224 RW-data=1600 ZI-data=1200  
User command #1: fromelf --bin ".\obj\Smpl_Start_Kit.axf" --output ".\obj\Smpl_Start_Kit.bin"
User command #2: fromelf --text -c ".\obj\Smpl_Start_Kit.axf" --output ".\obj\Smpl_Start_Kit.txt"
".\obj\Smpl_Start_Kit.axf" - 0 Error(s), 0 Warning(s).
Load "C:\\Users\\EE 165\\Desktop\\Nuvoton Codes\\NuvotonPlatform_Keil\\Sample\\NUC1xx-LB_002\\exer4\\obj\\Smpl_Start_Kit.AXF" 
