<html>
<body>
<pre>
<h1>µVision Build Log</h1>
<h2>Project:</h2>
C:\Users\EE 165\Desktop\Nuvoton Codes\NuvotonPlatform_Keil\Sample\NUC1xx-LB_002\exer3\exer3.uvproj
Project File Date:  02/18/2019

<h2>Output:</h2>
Rebuild target 'smpl'
creating preprocessor file for core_cm0.c...
compiling core_cm0.c...
creating preprocessor file for system_NUC1xx.c...
compiling system_NUC1xx.c...
assembling startup_NUC1xx.s...
creating preprocessor file for LCD_Driver.c...
compiling LCD_Driver.c...
creating preprocessor file for Ascii_Table.C...
compiling Ascii_Table.C...
creating preprocessor file for Seven_Segment.c...
compiling Seven_Segment.c...
creating preprocessor file for exer3.c...
exer3.c(150): warning:  #1-D: last line of file ends without a newline
compiling exer3.c...
exer3.c(110): error:  #268: declaration may not appear after executable statement in block
exer3.c(110): error:  #65: expected a ";"
exer3.c(111): error:  #20: identifier "i" is undefined
exer3.c(118): error:  #140: too many arguments in function call
exer3.c(150): warning:  #1-D: last line of file ends without a newline
creating preprocessor file for DrvSPI.c...
compiling DrvSPI.c...
creating preprocessor file for DrvSYS.c...
compiling DrvSYS.c...
creating preprocessor file for DrvUART.c...
compiling DrvUART.c...
creating preprocessor file for DrvGPIO.c...
compiling DrvGPIO.c...
creating preprocessor file for retarget.c...
compiling retarget.c...
Target not created
Rebuild target 'smpl'
creating preprocessor file for core_cm0.c...
compiling core_cm0.c...
creating preprocessor file for system_NUC1xx.c...
compiling system_NUC1xx.c...
assembling startup_NUC1xx.s...
creating preprocessor file for LCD_Driver.c...
compiling LCD_Driver.c...
creating preprocessor file for Ascii_Table.C...
compiling Ascii_Table.C...
creating preprocessor file for Seven_Segment.c...
compiling Seven_Segment.c...
creating preprocessor file for exer3.c...
exer3.c(150): warning:  #1-D: last line of file ends without a newline
compiling exer3.c...
exer3.c(110): error:  #268: declaration may not appear after executable statement in block
exer3.c(110): error:  #65: expected a ";"
exer3.c(111): error:  #20: identifier "i" is undefined
exer3.c(118): error:  #140: too many arguments in function call
exer3.c(150): warning:  #1-D: last line of file ends without a newline
creating preprocessor file for DrvSPI.c...
compiling DrvSPI.c...
creating preprocessor file for DrvSYS.c...
compiling DrvSYS.c...
creating preprocessor file for DrvUART.c...
compiling DrvUART.c...
creating preprocessor file for DrvGPIO.c...
compiling DrvGPIO.c...
creating preprocessor file for retarget.c...
compiling retarget.c...
Target not created
Rebuild target 'smpl'
creating preprocessor file for core_cm0.c...
compiling core_cm0.c...
creating preprocessor file for system_NUC1xx.c...
compiling system_NUC1xx.c...
assembling startup_NUC1xx.s...
creating preprocessor file for LCD_Driver.c...
compiling LCD_Driver.c...
creating preprocessor file for Ascii_Table.C...
compiling Ascii_Table.C...
creating preprocessor file for Seven_Segment.c...
compiling Seven_Segment.c...
creating preprocessor file for exer3.c...
exer3.c(150): warning:  #1-D: last line of file ends without a newline
compiling exer3.c...
exer3.c(110): error:  #268: declaration may not appear after executable statement in block
exer3.c(110): error:  #65: expected a ";"
exer3.c(111): warning:  #187-D: use of "=" where "==" may have been intended
exer3.c(118): error:  #140: too many arguments in function call
exer3.c(150): warning:  #1-D: last line of file ends without a newline
creating preprocessor file for DrvSPI.c...
compiling DrvSPI.c...
creating preprocessor file for DrvSYS.c...
compiling DrvSYS.c...
creating preprocessor file for DrvUART.c...
compiling DrvUART.c...
creating preprocessor file for DrvGPIO.c...
compiling DrvGPIO.c...
creating preprocessor file for retarget.c...
compiling retarget.c...
Target not created
Rebuild target 'smpl'
creating preprocessor file for core_cm0.c...
compiling core_cm0.c...
creating preprocessor file for system_NUC1xx.c...
compiling system_NUC1xx.c...
assembling startup_NUC1xx.s...
creating preprocessor file for LCD_Driver.c...
compiling LCD_Driver.c...
creating preprocessor file for Ascii_Table.C...
compiling Ascii_Table.C...
creating preprocessor file for Seven_Segment.c...
compiling Seven_Segment.c...
creating preprocessor file for exer3.c...
exer3.c(150): warning:  #1-D: last line of file ends without a newline
compiling exer3.c...
exer3.c(110): error:  #268: declaration may not appear after executable statement in block
exer3.c(111): warning:  #187-D: use of "=" where "==" may have been intended
exer3.c(118): error:  #140: too many arguments in function call
exer3.c(150): warning:  #1-D: last line of file ends without a newline
creating preprocessor file for DrvSPI.c...
compiling DrvSPI.c...
creating preprocessor file for DrvSYS.c...
compiling DrvSYS.c...
creating preprocessor file for DrvUART.c...
compiling DrvUART.c...
creating preprocessor file for DrvGPIO.c...
compiling DrvGPIO.c...
creating preprocessor file for retarget.c...
compiling retarget.c...
Target not created
Rebuild target 'smpl'
creating preprocessor file for core_cm0.c...
compiling core_cm0.c...
creating preprocessor file for system_NUC1xx.c...
compiling system_NUC1xx.c...
assembling startup_NUC1xx.s...
creating preprocessor file for LCD_Driver.c...
compiling LCD_Driver.c...
creating preprocessor file for Ascii_Table.C...
compiling Ascii_Table.C...
creating preprocessor file for Seven_Segment.c...
compiling Seven_Segment.c...
creating preprocessor file for exer3.c...
exer3.c(150): warning:  #1-D: last line of file ends without a newline
compiling exer3.c...
exer3.c(110): error:  #268: declaration may not appear after executable statement in block
exer3.c(111): warning:  #187-D: use of "=" where "==" may have been intended
exer3.c(117): error:  #140: too many arguments in function call
exer3.c(150): warning:  #1-D: last line of file ends without a newline
creating preprocessor file for DrvSPI.c...
compiling DrvSPI.c...
creating preprocessor file for DrvSYS.c...
compiling DrvSYS.c...
creating preprocessor file for DrvUART.c...
compiling DrvUART.c...
creating preprocessor file for DrvGPIO.c...
compiling DrvGPIO.c...
creating preprocessor file for retarget.c...
compiling retarget.c...
Target not created
Rebuild target 'smpl'
creating preprocessor file for core_cm0.c...
compiling core_cm0.c...
creating preprocessor file for system_NUC1xx.c...
compiling system_NUC1xx.c...
assembling startup_NUC1xx.s...
creating preprocessor file for LCD_Driver.c...
compiling LCD_Driver.c...
creating preprocessor file for Ascii_Table.C...
compiling Ascii_Table.C...
creating preprocessor file for Seven_Segment.c...
compiling Seven_Segment.c...
creating preprocessor file for exer3.c...
exer3.c(150): warning:  #1-D: last line of file ends without a newline
compiling exer3.c...
exer3.c(111): warning:  #187-D: use of "=" where "==" may have been intended
exer3.c(150): warning:  #1-D: last line of file ends without a newline
creating preprocessor file for DrvSPI.c...
compiling DrvSPI.c...
creating preprocessor file for DrvSYS.c...
compiling DrvSYS.c...
creating preprocessor file for DrvUART.c...
compiling DrvUART.c...
creating preprocessor file for DrvGPIO.c...
compiling DrvGPIO.c...
creating preprocessor file for retarget.c...
compiling retarget.c...
linking...
Program Size: Code=2920 RO-data=228 RW-data=76 ZI-data=1204  
User command #1: fromelf --bin ".\obj\Smpl_Start_Kit.axf" --output ".\obj\Smpl_Start_Kit.bin"
User command #2: fromelf --text -c ".\obj\Smpl_Start_Kit.axf" --output ".\obj\Smpl_Start_Kit.txt"
".\obj\Smpl_Start_Kit.axf" - 0 Error(s), 2 Warning(s).
Load "C:\\Users\\EE 165\\Desktop\\Nuvoton Codes\\NuvotonPlatform_Keil\\Sample\\NUC1xx-LB_002\\exer3\\obj\\Smpl_Start_Kit.AXF" 
Rebuild target 'smpl'
creating preprocessor file for core_cm0.c...
compiling core_cm0.c...
creating preprocessor file for system_NUC1xx.c...
compiling system_NUC1xx.c...
assembling startup_NUC1xx.s...
creating preprocessor file for LCD_Driver.c...
compiling LCD_Driver.c...
creating preprocessor file for Ascii_Table.C...
compiling Ascii_Table.C...
creating preprocessor file for Seven_Segment.c...
compiling Seven_Segment.c...
creating preprocessor file for exer3.c...
exer3.c(150): warning:  #1-D: last line of file ends without a newline
compiling exer3.c...
exer3.c(111): warning:  #187-D: use of "=" where "==" may have been intended
exer3.c(150): warning:  #1-D: last line of file ends without a newline
creating preprocessor file for DrvSPI.c...
compiling DrvSPI.c...
creating preprocessor file for DrvSYS.c...
compiling DrvSYS.c...
creating preprocessor file for DrvUART.c...
compiling DrvUART.c...
creating preprocessor file for DrvGPIO.c...
compiling DrvGPIO.c...
creating preprocessor file for retarget.c...
compiling retarget.c...
linking...
Program Size: Code=2924 RO-data=228 RW-data=76 ZI-data=1204  
User command #1: fromelf --bin ".\obj\Smpl_Start_Kit.axf" --output ".\obj\Smpl_Start_Kit.bin"
User command #2: fromelf --text -c ".\obj\Smpl_Start_Kit.axf" --output ".\obj\Smpl_Start_Kit.txt"
".\obj\Smpl_Start_Kit.axf" - 0 Error(s), 2 Warning(s).
Load "C:\\Users\\EE 165\\Desktop\\Nuvoton Codes\\NuvotonPlatform_Keil\\Sample\\NUC1xx-LB_002\\exer3\\obj\\Smpl_Start_Kit.AXF" 
Rebuild target 'smpl'
creating preprocessor file for core_cm0.c...
compiling core_cm0.c...
creating preprocessor file for system_NUC1xx.c...
compiling system_NUC1xx.c...
assembling startup_NUC1xx.s...
creating preprocessor file for LCD_Driver.c...
compiling LCD_Driver.c...
creating preprocessor file for Ascii_Table.C...
compiling Ascii_Table.C...
creating preprocessor file for Seven_Segment.c...
compiling Seven_Segment.c...
creating preprocessor file for exer3.c...
exer3.c(150): warning:  #1-D: last line of file ends without a newline
compiling exer3.c...
exer3.c(150): warning:  #1-D: last line of file ends without a newline
creating preprocessor file for DrvSPI.c...
compiling DrvSPI.c...
creating preprocessor file for DrvSYS.c...
compiling DrvSYS.c...
creating preprocessor file for DrvUART.c...
compiling DrvUART.c...
creating preprocessor file for DrvGPIO.c...
compiling DrvGPIO.c...
creating preprocessor file for retarget.c...
compiling retarget.c...
linking...
Program Size: Code=2920 RO-data=228 RW-data=76 ZI-data=1204  
User command #1: fromelf --bin ".\obj\Smpl_Start_Kit.axf" --output ".\obj\Smpl_Start_Kit.bin"
User command #2: fromelf --text -c ".\obj\Smpl_Start_Kit.axf" --output ".\obj\Smpl_Start_Kit.txt"
".\obj\Smpl_Start_Kit.axf" - 0 Error(s), 1 Warning(s).
Load "C:\\Users\\EE 165\\Desktop\\Nuvoton Codes\\NuvotonPlatform_Keil\\Sample\\NUC1xx-LB_002\\exer3\\obj\\Smpl_Start_Kit.AXF" 
