ARM Linker, 4.1 [Build 894] [Evaluation]

==============================================================================

Small function inlining results

Inlined function __aeabi_idiv0 from aeabi_idiv0.o at offset 0x154 in aeabi_sdiv.o(.text).
Inlined Instruction: BX       lr
Inlined function __aeabi_idiv0 from aeabi_idiv0.o at offset 0x154 in aeabi_sdiv_div0.o(.text).
Inlined Instruction: BX       lr
Inlined function _platform_pre_stackheap_init from boardinit1.o at offset 0x0 in rtentry2.o(.ARM.Collect$$rtentry$$00000001).
Inlined Instruction: BX       lr
Inlined function _fp_init from fpinit.o at offset 0x2 in libinit.o(.ARM.Collect$$libinit$$00000000).
Inlined Instruction: BX       lr
Inlined function _platform_pre_lib_shutdown from boardshut.o at offset 0x0 in rtexit2.o(.ARM.Collect$$rtexit$$00000001).
Inlined Instruction: BX       lr
Inlined function __ARM_get_argv from no_argv.o at offset 0x2 in argv_veneer.o(.text).
Inlined Instruction: BX       lr
Inlined total of 6 calls.

==============================================================================

Memory Map of the image

  Image Entry point : 0x00000179

  Load Region LR_1 (Base: 0x00000000, Size: 0x00001990, Max: 0xffffffff, ABSOLUTE)

    Execution Region ER_RO (Base: 0x00000000, Size: 0x00001350, Max: 0xffffffff, ABSOLUTE)

    Base Addr    Size         Type   Attr      Idx    E Section Name        Object

    0x00000000   0x000000c0   Data   RO           55    RESET               startup_nuc1xx.o
    0x000000c0   0x00000008   Code   RO         1294  * !!!main             c_p.l(__main.o)
    0x000000c8   0x0000003c   Code   RO         1467    !!!scatter          c_p.l(__scatter.o)
    0x00000104   0x0000001a   Code   RO         1469    !!handler_copy      c_p.l(__scatter_copy.o)
    0x0000011e   0x00000002   PAD
    0x00000120   0x0000001c   Code   RO         1471    !!handler_zi        c_p.l(__scatter_zi.o)
    0x0000013c   0x00000002   Code   RO         1287    .ARM.Collect$$_printf_percent$$00000000  c_p.l(_printf_percent.o)
    0x0000013e   0x0000000a   Code   RO         1286    .ARM.Collect$$_printf_percent$$00000009  c_p.l(_printf_d.o)
    0x00000148   0x00000004   Code   RO         1307    .ARM.Collect$$_printf_percent$$00000017  c_p.l(_printf_percent_end.o)
    0x0000014c   0x00000006   Code   RO         1343    .ARM.Collect$$libinit$$00000000  c_p.l(libinit.o)
    0x00000152   0x00000000   Code   RO         1358    .ARM.Collect$$libinit$$00000006  c_p.l(libinit2.o)
    0x00000152   0x00000000   Code   RO         1360    .ARM.Collect$$libinit$$00000008  c_p.l(libinit2.o)
    0x00000152   0x00000000   Code   RO         1362    .ARM.Collect$$libinit$$0000000A  c_p.l(libinit2.o)
    0x00000152   0x00000000   Code   RO         1365    .ARM.Collect$$libinit$$0000000D  c_p.l(libinit2.o)
    0x00000152   0x00000000   Code   RO         1367    .ARM.Collect$$libinit$$0000000F  c_p.l(libinit2.o)
    0x00000152   0x00000000   Code   RO         1369    .ARM.Collect$$libinit$$00000011  c_p.l(libinit2.o)
    0x00000152   0x00000000   Code   RO         1371    .ARM.Collect$$libinit$$00000013  c_p.l(libinit2.o)
    0x00000152   0x00000000   Code   RO         1373    .ARM.Collect$$libinit$$00000015  c_p.l(libinit2.o)
    0x00000152   0x00000000   Code   RO         1375    .ARM.Collect$$libinit$$00000017  c_p.l(libinit2.o)
    0x00000152   0x00000000   Code   RO         1377    .ARM.Collect$$libinit$$00000019  c_p.l(libinit2.o)
    0x00000152   0x00000000   Code   RO         1379    .ARM.Collect$$libinit$$0000001B  c_p.l(libinit2.o)
    0x00000152   0x00000000   Code   RO         1381    .ARM.Collect$$libinit$$0000001D  c_p.l(libinit2.o)
    0x00000152   0x00000000   Code   RO         1383    .ARM.Collect$$libinit$$0000001F  c_p.l(libinit2.o)
    0x00000152   0x00000000   Code   RO         1385    .ARM.Collect$$libinit$$00000021  c_p.l(libinit2.o)
    0x00000152   0x00000000   Code   RO         1389    .ARM.Collect$$libinit$$00000028  c_p.l(libinit2.o)
    0x00000152   0x00000000   Code   RO         1391    .ARM.Collect$$libinit$$0000002A  c_p.l(libinit2.o)
    0x00000152   0x00000000   Code   RO         1393    .ARM.Collect$$libinit$$0000002C  c_p.l(libinit2.o)
    0x00000152   0x00000000   Code   RO         1395    .ARM.Collect$$libinit$$0000002E  c_p.l(libinit2.o)
    0x00000152   0x00000002   Code   RO         1396    .ARM.Collect$$libinit$$0000002F  c_p.l(libinit2.o)
    0x00000154   0x00000002   Code   RO         1425    .ARM.Collect$$libshutdown$$00000000  c_p.l(libshutdown.o)
    0x00000156   0x00000000   Code   RO         1452    .ARM.Collect$$libshutdown$$00000003  c_p.l(libshutdown2.o)
    0x00000156   0x00000000   Code   RO         1455    .ARM.Collect$$libshutdown$$00000006  c_p.l(libshutdown2.o)
    0x00000156   0x00000000   Code   RO         1458    .ARM.Collect$$libshutdown$$00000009  c_p.l(libshutdown2.o)
    0x00000156   0x00000000   Code   RO         1460    .ARM.Collect$$libshutdown$$0000000B  c_p.l(libshutdown2.o)
    0x00000156   0x00000000   Code   RO         1463    .ARM.Collect$$libshutdown$$0000000E  c_p.l(libshutdown2.o)
    0x00000156   0x00000002   Code   RO         1464    .ARM.Collect$$libshutdown$$0000000F  c_p.l(libshutdown2.o)
    0x00000158   0x00000000   Code   RO         1296    .ARM.Collect$$rtentry$$00000000  c_p.l(rtentry.o)
    0x00000158   0x00000000   Code   RO         1311    .ARM.Collect$$rtentry$$00000002  c_p.l(rtentry2.o)
    0x00000158   0x00000006   Code   RO         1323    .ARM.Collect$$rtentry$$00000004  c_p.l(rtentry4.o)
    0x0000015e   0x00000000   Code   RO         1313    .ARM.Collect$$rtentry$$00000009  c_p.l(rtentry2.o)
    0x0000015e   0x00000004   Code   RO         1314    .ARM.Collect$$rtentry$$0000000A  c_p.l(rtentry2.o)
    0x00000162   0x00000000   Code   RO         1316    .ARM.Collect$$rtentry$$0000000C  c_p.l(rtentry2.o)
    0x00000162   0x00000008   Code   RO         1317    .ARM.Collect$$rtentry$$0000000D  c_p.l(rtentry2.o)
    0x0000016a   0x00000002   Code   RO         1348    .ARM.Collect$$rtexit$$00000000  c_p.l(rtexit.o)
    0x0000016c   0x00000000   Code   RO         1402    .ARM.Collect$$rtexit$$00000002  c_p.l(rtexit2.o)
    0x0000016c   0x00000004   Code   RO         1403    .ARM.Collect$$rtexit$$00000003  c_p.l(rtexit2.o)
    0x00000170   0x00000006   Code   RO         1404    .ARM.Collect$$rtexit$$00000004  c_p.l(rtexit2.o)
    0x00000176   0x00000002   PAD
    0x00000178   0x00000064   Code   RO           56  * .text               startup_nuc1xx.o
    0x000001dc   0x00000028   Code   RO         1260    .text               c_p.l(noretval__2sprintf.o)
    0x00000204   0x0000006c   Code   RO         1264    .text               c_p.l(_printf_dec.o)
    0x00000270   0x00000110   Code   RO         1274    .text               c_p.l(__printf_wp.o)
    0x00000380   0x0000015a   Code   RO         1288    .text               c_p.l(aeabi_sdiv.o)
    0x000004da   0x00000006   Code   RO         1292    .text               c_p.l(heapauxi.o)
    0x000004e0   0x000000b0   Code   RO         1301    .text               c_p.l(_printf_intcommon.o)
    0x00000590   0x00000030   Code   RO         1303    .text               c_p.l(_printf_char_common.o)
    0x000005c0   0x0000000a   Code   RO         1305    .text               c_p.l(_sputc.o)
    0x000005ca   0x00000028   Code   RO         1308    .text               c_p.l(rtudiv10.o)
    0x000005f2   0x0000003e   Code   RO         1329    .text               c_p.l(sys_stackheap_outer.o)
    0x00000630   0x0000000c   Code   RO         1332    .text               c_p.l(exit.o)
    0x0000063c   0x00000008   Code   RO         1344    .text               c_p.l(libspace.o)
    0x00000644   0x0000000c   Code   RO         1399    .text               c_p.l(sys_exit.o)
    0x00000650   0x00000002   Code   RO         1414    .text               c_p.l(use_no_semi.o)
    0x00000652   0x00000000   Code   RO         1416    .text               c_p.l(indicate_semi.o)
    0x00000652   0x00000002   PAD
    0x00000654   0x00000028   Code   RO          505    i.BOD_IRQHandler    drvsys.o
    0x0000067c   0x0000002c   Code   RO          956    i.DrvGPIO_ClrBit    drvgpio.o
    0x000006a8   0x00000078   Code   RO          979    i.DrvGPIO_Open      drvgpio.o
    0x00000720   0x0000002c   Code   RO          980    i.DrvGPIO_SetBit    drvgpio.o
    0x0000074c   0x0000002c   Code   RO          508    i.DrvSYS_Delay      drvsys.o
    0x00000778   0x000000c0   Code   RO          526    i.DrvSYS_GetPLLContent  drvsys.o
    0x00000838   0x00000010   Code   RO          529    i.DrvSYS_IsProtectedRegLocked  drvsys.o
    0x00000848   0x000000ac   Code   RO          531    i.DrvSYS_Open       drvsys.o
    0x000008f4   0x00000038   Code   RO          537    i.DrvSYS_SelectHCLKSource  drvsys.o
    0x0000092c   0x0000004c   Code   RO          546    i.DrvSYS_SetPLLContent  drvsys.o
    0x00000978   0x00000024   Code   RO          986    i.EINT0_IRQHandler  drvgpio.o
    0x0000099c   0x00000024   Code   RO          987    i.EINT1_IRQHandler  drvgpio.o
    0x000009c0   0x0000003c   Code   RO          988    i.GPAB_IRQHandler   drvgpio.o
    0x000009fc   0x00000040   Code   RO          989    i.GPCDE_IRQHandler  drvgpio.o
    0x00000a3c   0x00000218   Code   RO           61    i.Initial_panel     lcd_driver.o
    0x00000c54   0x00000028   Code   RO          553    i.PWRWU_IRQHandler  drvsys.o
    0x00000c7c   0x00000064   Code   RO          236    i.SPI0_IRQHandler   drvspi.o
    0x00000ce0   0x00000064   Code   RO          237    i.SPI1_IRQHandler   drvspi.o
    0x00000d44   0x00000064   Code   RO          238    i.SPI2_IRQHandler   drvspi.o
    0x00000da8   0x00000064   Code   RO          239    i.SPI3_IRQHandler   drvspi.o
    0x00000e0c   0x000000f4   Code   RO           62    i.SetPACA           lcd_driver.o
    0x00000f00   0x00000078   Code   RO           63    i.Show_Word         lcd_driver.o
    0x00000f78   0x000000a0   Code   RO           17    i.SystemCoreClockUpdate  system_nuc1xx.o
    0x00001018   0x00000002   Code   RO           18    i.SystemInit        system_nuc1xx.o
    0x0000101a   0x00000002   PAD
    0x0000101c   0x0000003c   Code   RO          833    i.UART02_IRQHandler  drvuart.o
    0x00001058   0x00000020   Code   RO          834    i.UART1_IRQHandler  drvuart.o
    0x00001078   0x00000058   Code   RO           65    i.WriteData         lcd_driver.o
    0x000010d0   0x0000000e   Code   RO         1276    i._is_digit         c_p.l(__printf_wp.o)
    0x000010de   0x00000028   Code   RO           66    i.clr_all_panel     lcd_driver.o
    0x00001106   0x00000002   PAD
    0x00001108   0x00000200   Code   RO          175    i.main              exer4.o
    0x00001308   0x00000028   Code   RO           67    i.print_lcd         lcd_driver.o
    0x00001330   0x00000020   Data   RO         1465    Region$$Table       anon$$obj.o


    Execution Region ER_RW (Base: 0x20000000, Size: 0x00000640, Max: 0xffffffff, ABSOLUTE)

    Base Addr    Size         Type   Attr      Idx    E Section Name        Object

    0x20000000   0x0000001c   Data   RW           19    .data               system_nuc1xx.o
    0x2000001c   0x00000010   Data   RW           68    .data               lcd_driver.o
    0x2000002c   0x000005f0   Data   RW          134    .data               ascii_table.o
    0x2000061c   0x00000008   Data   RW          555    .data               drvsys.o
    0x20000624   0x0000000c   Data   RW          835    .data               drvuart.o
    0x20000630   0x00000010   Data   RW          993    .data               drvgpio.o


    Execution Region ER_ZI (Base: 0x20000640, Size: 0x000004b0, Max: 0xffffffff, ABSOLUTE)

    Base Addr    Size         Type   Attr      Idx    E Section Name        Object

    0x20000640   0x00000050   Zero   RW          240    .bss                drvspi.o
    0x20000690   0x00000060   Zero   RW         1345    .bss                c_p.l(libspace.o)
    0x200006f0   0x00000000   Zero   RW           54    HEAP                startup_nuc1xx.o
    0x200006f0   0x00000400   Zero   RW           53    STACK               startup_nuc1xx.o


==============================================================================

Image component sizes


      Code (inc. data)   RO Data    RW Data    ZI Data      Debug   Object Name

         0          0          0       1520          0        436   ascii_table.o
         0          0          0          0          0       4188   core_cm0.o
       404         62          0         16          0       9660   drvgpio.o
       400         32          0          0         80       4588   drvspi.o
       636         86          0          8          0       8103   drvsys.o
        92         24          0         12          0       4919   drvuart.o
       512        106          0          0          0        835   exer4.o
      1068         26          0         16          0       4393   lcd_driver.o
         0          0          0          0          0     117200   seven_segment.o
       100         46        192          0       1024        720   startup_nuc1xx.o
       162         30          0         28          0     119150   system_nuc1xx.o

    ----------------------------------------------------------------------
      3378        412        224       1600       1104     274192   Object Totals
         0          0         32          0          0          0   (incl. Generated)
         4          0          0          0          0          0   (incl. Padding)

    ----------------------------------------------------------------------

      Code (inc. data)   RO Data    RW Data    ZI Data      Debug   Library Member Name

         8          0          0          0          0         68   __main.o
       286          0          0          0          0        136   __printf_wp.o
        60          8          0          0          0          0   __scatter.o
        26          0          0          0          0          0   __scatter_copy.o
        28          0          0          0          0          0   __scatter_zi.o
        48          6          0          0          0         88   _printf_char_common.o
        10          0          0          0          0          0   _printf_d.o
       108         18          0          0          0         76   _printf_dec.o
       176          0          0          0          0         84   _printf_intcommon.o
         2          0          0          0          0          0   _printf_percent.o
         4          0          0          0          0          0   _printf_percent_end.o
        10          0          0          0          0         60   _sputc.o
       346          0          0          0          0         92   aeabi_sdiv.o
        12          0          0          0          0         64   exit.o
         6          0          0          0          0        136   heapauxi.o
         0          0          0          0          0          0   indicate_semi.o
         6          0          0          0          0          0   libinit.o
         2          0          0          0          0          0   libinit2.o
         2          0          0          0          0          0   libshutdown.o
         2          0          0          0          0          0   libshutdown2.o
         8          4          0          0         96         68   libspace.o
        40          4          0          0          0         84   noretval__2sprintf.o
         0          0          0          0          0          0   rtentry.o
        12          0          0          0          0          0   rtentry2.o
         6          0          0          0          0          0   rtentry4.o
         2          0          0          0          0          0   rtexit.o
        10          0          0          0          0          0   rtexit2.o
        40          0          0          0          0         60   rtudiv10.o
        12          4          0          0          0         60   sys_exit.o
        62          0          0          0          0         80   sys_stackheap_outer.o
         2          0          0          0          0         68   use_no_semi.o

    ----------------------------------------------------------------------
      1342         44          0          0         96       1224   Library Totals
         6          0          0          0          0          0   (incl. Padding)

    ----------------------------------------------------------------------

      Code (inc. data)   RO Data    RW Data    ZI Data      Debug   Library Name

      1336         44          0          0         96       1224   c_p.l

    ----------------------------------------------------------------------
      1342         44          0          0         96       1224   Library Totals

    ----------------------------------------------------------------------

==============================================================================


      Code (inc. data)   RO Data    RW Data    ZI Data      Debug   

      4720        456        224       1600       1200     273572   Grand Totals
      4720        456        224       1600       1200     273572   ELF Image Totals
      4720        456        224       1600          0          0   ROM Totals

==============================================================================

    Total RO  Size (Code + RO Data)                 4944 (   4.83kB)
    Total RW  Size (RW Data + ZI Data)              2800 (   2.73kB)
    Total ROM Size (Code + RO Data + RW Data)       6544 (   6.39kB)

==============================================================================

